{
  "productId": "35455",
  "brandId": "1",
  "priceListId": "1",
  "startDate": "2020-06-14-00.00.00",
  "endDate": "2020-12-31-23.59.59",
  "amount": "35.50",
  "currencyCode": "EUR"
}