{
  "title": "Not Found",
  "detail": "no price found for input params",
  "type": "https://problems-registry.smartbear.com/not-found",
  "status": 404
}